<div class="configuration-block">
    <div role="tablist" aria-label="UX Installation" class="configuration-tabs configuration-tabs-length-2">
        <button role="tab" type="button" data-language="webpack-encore" aria-controls="configuration-block-tabpanel-97a055193fa707f2025ee25bb469c74aa29b2c6c" aria-selected="true" data-active="true">
            <span>Webpack Encore</span>
        </button>
        <button role="tab" type="button" data-language="assetmapper" aria-controls="configuration-block-tabpanel-1865de6b2b585de79e8700d7968050722e562c44" aria-selected="false" tabindex="-1">
            <span>AssetMapper</span>
        </button>
    </div>

    <div role="tabpanel" id="configuration-block-tabpanel-97a055193fa707f2025ee25bb469c74aa29b2c6c" aria-label="Webpack Encore" class="configuration-codeblock" data-language="webpack-encore" style="">
        <p>Webpack Encore stuff!</p>
        <div translate="no" data-loc="1" class="notranslate codeblock codeblock-length-sm codeblock-yaml">
            <div class="codeblock-scroll">
                <pre class="codeblock-lines">1</pre>
                <pre class="codeblock-code"><code><span class="hljs-attr">I am yaml:</span></code></pre>
            </div>
        </div>
    </div>
    <div role="tabpanel" id="configuration-block-tabpanel-1865de6b2b585de79e8700d7968050722e562c44" aria-label="AssetMapper" class="configuration-codeblock" data-language="assetmapper" style="display: none">
        <p>AssetMapper stuff!</p>
        <p>And another paragraph.</p>
    </div>
</div>
