<p><a href="https://github.com/symfony/amazon-sns-notifier/blob/4.0/README.md" class="reference external" rel="external noopener noreferrer" target="_blank">README file with version substitution</a></p>

<p><a href="https://github.com/symfony/amazon-sns-notifier/blob/version/README.md" class="reference external" rel="external noopener noreferrer" target="_blank">README file without version substitution</a></p>