<p><strong>Lorem ipsum</strong> dolor sit amet, consectetur adipisicing elit. Ut enim ad minim
veniam, quis nostrud <em>exercitation ullamco laboris</em> nisi ut aliquip ex ea
commodo consequat. <code translate="no" class="notranslate">Duis aute irure dolor</code> in reprehenderit in voluptate
velit esse cillum dolore eu fugiat nulla pariatur.</p>

<p>Excepteur ~1,000 sint! Occaecat cupidatat non proident, sunt in culpa qui officia
deserunt mollit anim id est laborum. áàâäãåéèêëíìîïóòôöõúùûüñçÿ</p>
