<div translate="no" data-loc="65" class="notranslate codeblock codeblock-length-md codeblock-php-attributes codeblock-php">
    <div class="codeblock-scroll">
        <pre class="codeblock-lines">1
2
3
4
5
6
7
8
9
10
11
12
13
14
15
16
17
18
19
20
21
22
23
24
25
26
27
28
29
30
31
32
33
34
35
36
37
38
39
40
41
42
43
44
45
46
47
48
49
50
51
52
53
54
55
56
57
58
59
60
61
62
63
64
65</pre>
        <pre class="codeblock-code">
            <code>
                <span class="hljs-comment">// src/SomePath/SomeClass.php</span>
<span class="hljs-keyword">namespace</span> <span class="hljs-title">App</span>\<span class="hljs-title">SomePath</span>;
                <span class="hljs-keyword">use</span><span class="hljs-title">Symfony</span>\<span class="hljs-title">Component</span>\<span class="hljs-title">Validator</span>\<span class="hljs-title">Constraints</span> <span class="hljs-title">as</span> <span class="hljs-title">Assert</span>;
                <span class="hljs-class">
                    <span class="hljs-keyword">class</span>
                    <span class="hljs-title">SomeClass</span>
                </span>
                {
                <span class="hljs-meta">#[AttributeName]</span>
                <span class="hljs-keyword">private</span>
                <span class="hljs-variable">
                    <span class="hljs-variable-other-marker">$</span> property1</span>
                ;
                <span class="hljs-meta">#[AttributeName</span>()<span class="hljs-meta">]</span>
                <span class="hljs-keyword">private</span>
                <span class="hljs-variable">
                    <span class="hljs-variable-other-marker">$</span> property2</span>
                ;
                <span class="hljs-meta">#[AttributeName</span>(<span class="hljs-string">'value'</span>)<span class="hljs-meta">]</span>
                <span class="hljs-keyword">private</span>
                <span class="hljs-variable">
                    <span class="hljs-variable-other-marker">$</span> property3</span>
                ;
                <span class="hljs-meta">#[AttributeName</span>(<span class="hljs-string">'value'</span>, <span class="hljs-attr">option</span>: <span class="hljs-string">'value'</span>)<span class="hljs-meta">]</span>
                <span class="hljs-keyword">private</span>
                <span class="hljs-variable">
                    <span class="hljs-variable-other-marker">$</span> property4</span>
                ;
                <span class="hljs-meta">#[AttributeName</span>([<span class="hljs-string">'value'</span> =&gt; <span class="hljs-string">'value'</span>])<span class="hljs-meta">]</span>
                <span class="hljs-keyword">private</span>
                <span class="hljs-variable">
                    <span class="hljs-variable-other-marker">$</span> property5</span>
                ;
                <span class="hljs-meta">#[AttributeName</span>(
                    <span class="hljs-string">'value'</span>,
                    <span class="hljs-attr">option</span>: <span class="hljs-string">'value'</span>
                )<span class="hljs-meta">]</span>
                <span class="hljs-keyword">private</span>
                <span class="hljs-variable">
                    <span class="hljs-variable-other-marker">$</span> property6</span>
                ;
                <span class="hljs-meta">#[Assert\AttributeName</span>(<span class="hljs-string">'value'</span>)<span class="hljs-meta">]</span>
                <span class="hljs-keyword">private</span>
                <span class="hljs-variable">
                    <span class="hljs-variable-other-marker">$</span> property7</span>
                ;
                <span class="hljs-meta">#[Assert\AttributeName</span>(
                    <span class="hljs-string">'value'</span>,
                    <span class="hljs-attr">option</span>: <span class="hljs-string">'value'</span>
                )<span class="hljs-meta">]</span>
                <span class="hljs-keyword">private</span>
                <span class="hljs-variable">
                    <span class="hljs-variable-other-marker">$</span> property8</span>
                ;
                <span class="hljs-meta">#[Route</span>(<span class="hljs-string">'/blog/{page&lt;\d+&gt;}'</span>, <span class="hljs-attr">name</span>: <span class="hljs-string">'blog_list'</span>)<span class="hljs-meta">]</span>
                <span class="hljs-keyword">private</span>
                <span class="hljs-variable">
                <span class="hljs-variable-other-marker">$</span> property9</span>
                ;
                <span class="hljs-meta">#[Assert\GreaterThanOrEqual</span>(
                    <span class="hljs-attr">value</span>: <span class="hljs-number">18</span>,
                )<span class="hljs-meta">]</span>
                <span class="hljs-keyword">private</span>
                <span class="hljs-variable">
                <span class="hljs-variable-other-marker">$</span> property10</span>
                ;
                <span class="hljs-meta">#[ORM\CustomIdGenerator</span>(<span class="hljs-attr">class</span>: <span class="hljs-string">'doctrine.uuid_generator'</span>)<span class="hljs-meta">]</span>
                <span class="hljs-keyword">private</span>
                <span class="hljs-variable">
                <span class="hljs-variable-other-marker">$</span> property11</span>
                ;
                <span class="hljs-meta">#[Assert\AtLeastOneOf</span>([
                    <span class="hljs-keyword">new</span> Assert\<span class="hljs-title invoke__">Regex</span>(<span class="hljs-string">'/#/'</span>),
                    <span class="hljs-keyword">new</span> Assert\<span class="hljs-title invoke__">Length</span>(<span class="hljs-attr">min</span>: <span class="hljs-number">10</span>),
                ])<span class="hljs-meta">]</span>
                <span class="hljs-keyword">private</span>
                <span class="hljs-variable">
                <span class="hljs-variable-other-marker">$</span> property12</span>
                ;
                <span class="hljs-keyword">public</span> <span class="hljs-function"><span class="hljs-keyword">function</span> <span class="hljs-title">__construct</span><span class="hljs-params">(
                        <span class="hljs-meta">#[TaggedIterator</span>(<span class="hljs-string">'app.handlers'</span>)<span class="hljs-meta">]</span>
                        <span class="hljs-keyword">iterable</span> <span class="hljs-variable"><span class="hljs-variable-other-marker">$</span>handlers</span>,
                )</span></span>{
                }

                <span class="hljs-meta">#[AsController]</span>
                <span class="hljs-keyword">public</span> <span class="hljs-function"><span class="hljs-keyword">function</span><span class="hljs-title">someAction</span><span class="hljs-params">(<span class="hljs-meta">#[CurrentUser]</span> User <span class="hljs-variable"><span class="hljs-variable-other-marker">$</span>user</span>)</span></span>
                {
                }
}</code></pre>
    </div>
</div>
