<div translate="no" data-loc="9" class="notranslate codeblock codeblock-length-sm codeblock-php">
    <div class="codeblock-scroll">
        <pre class="codeblock-lines">1
2
3
4
5
6
7
8
9</pre>
        <pre class="codeblock-code"><code><span class="hljs-comment">// config/routes.php</span>
<span class="hljs-keyword">namespace</span> <span class="hljs-title">Symfony</span>\<span class="hljs-title">Component</span>\<span class="hljs-title">Routing</span>\<span class="hljs-title">Loader</span>\<span class="hljs-title">Configurator</span>;

    <span class="hljs-keyword">use</span> <span class="hljs-title">App</span>\<span class="hljs-title">Controller</span>\<span class="hljs-title">CompanyController</span>;

<span class="hljs-keyword">return</span> <span class="hljs-keyword">static</span> <span class="hljs-function"><span class="hljs-keyword">function</span> <span class="hljs-params">(RoutingConfigurator <span class="hljs-variable"><span class="hljs-variable-other-marker">$</span>routes</span>)</span>: <span class="hljs-title">void</span> </span>{
    <span class="hljs-variable"><span class="hljs-variable-other-marker">$</span>routes</span>-&gt;<span class="hljs-title invoke__">add</span>(<span class="hljs-string">'about_us'</span>, [<span class="hljs-string">'nl'</span> =&gt; <span class="hljs-string">'/over-ons'</span>, <span class="hljs-string">'en'</span> =&gt; <span class="hljs-string">'/about-us'</span>])
        -&gt;<span class="hljs-title invoke__">controller</span>(CompanyController::<span class="hljs-variable language_">class</span>.<span class="hljs-string">'::about'</span>);
};</code></pre>
    </div>
</div>
<div translate="no" data-loc="16" class="notranslate codeblock codeblock-length-md codeblock-php">
    <div class="codeblock-scroll">
        <pre class="codeblock-lines">1
2
3
4
5
6
7
8
9
10
11
12
13
14
15
16</pre>
        <pre class="codeblock-code"><code>
<span class="hljs-class"><span class="hljs-keyword">enum</span> <span class="hljs-title">TextAlign</span>: <span class="hljs-title">string</span> <span class="hljs-keyword">implements</span> <span class="hljs-title">TranslatableInterface</span></span>
{
    <span class="hljs-keyword">case</span> Left = <span class="hljs-string">'Left aligned'</span>;
    <span class="hljs-keyword">case</span> Center = <span class="hljs-string">'Center aligned'</span>;
    <span class="hljs-keyword">case</span> Right = <span class="hljs-string">'Right aligned'</span>;

    <span class="hljs-keyword">public</span> <span class="hljs-function"><span class="hljs-keyword">function</span> <span class="hljs-title">trans</span><span class="hljs-params">(TranslatorInterface <span class="hljs-variable"><span class="hljs-variable-other-marker">$</span>translator</span>, ?<span class="hljs-keyword">string</span> <span class="hljs-variable"><span class="hljs-variable-other-marker">$</span>locale</span> = <span class="hljs-keyword">null</span>)</span>: <span class="hljs-title">string</span></span>
    {
        <span class="hljs-comment">// Translate enum using custom labels</span>
        <span class="hljs-keyword">return</span> <span class="hljs-keyword">match</span> (<span class="hljs-variable"><span class="hljs-variable-other-marker">$</span>this</span>) {
            <span class="hljs-keyword">self</span>::<span class="hljs-variable constant_">Left</span> =&gt; <span class="hljs-variable"><span class="hljs-variable-other-marker">$</span>translator</span>-&gt;<span class="hljs-title invoke__">trans</span>(<span class="hljs-string">'text_align.left.label'</span>, <span class="hljs-attr">locale</span>: <span class="hljs-variable"><span class="hljs-variable-other-marker">$</span>locale</span>),
            <span class="hljs-keyword">self</span>::<span class="hljs-variable constant_">Center</span> =&gt; <span class="hljs-variable"><span class="hljs-variable-other-marker">$</span>translator</span>-&gt;<span class="hljs-title invoke__">trans</span>(<span class="hljs-string">'text_align.center.label'</span>, <span class="hljs-attr">locale</span>: <span class="hljs-variable"><span class="hljs-variable-other-marker">$</span>locale</span>),
            <span class="hljs-keyword">self</span>::<span class="hljs-variable constant_">Right</span> =&gt; <span class="hljs-variable"><span class="hljs-variable-other-marker">$</span>translator</span>-&gt;<span class="hljs-title invoke__">trans</span>(<span class="hljs-string">'text_align.right.label'</span>, <span class="hljs-attr">locale</span>: <span class="hljs-variable"><span class="hljs-variable-other-marker">$</span>locale</span>),
        };
    }
}
            </code>
        </pre>
    </div>
</div>
<div translate="no" data-loc="16" class="notranslate codeblock codeblock-length-md codeblock-php">
    <div class="codeblock-scroll">
        <pre class="codeblock-lines">1
2
3
4
5
6
7
8
9
10
11
12
13
14
15
16</pre>
        <pre class="codeblock-code"><code>
<span class="hljs-keyword">public</span> <span class="hljs-function"><span class="hljs-keyword">function</span> <span class="hljs-title">getUserBadgeFrom</span><span class="hljs-params">(<span class="hljs-keyword">string</span> <span class="hljs-variable"><span class="hljs-variable-other-marker">$</span>accessToken</span>)</span>: <span class="hljs-title">UserBadge</span></span>
{
    <span class="hljs-comment">// get the data from the token</span>
    <span class="hljs-variable"><span class="hljs-variable-other-marker">$</span>payload</span> = ...;

    <span class="hljs-keyword">return</span> <span class="hljs-keyword">new</span> <span class="hljs-title invoke__">UserBadge</span>(
        <span class="hljs-variable"><span class="hljs-variable-other-marker">$</span>payload</span>-&gt;<span class="hljs-title invoke__">getUserId</span>(),
        <span class="hljs-function"><span class="hljs-keyword">fn</span> <span class="hljs-params">(<span class="hljs-keyword">string</span> <span class="hljs-variable"><span class="hljs-variable-other-marker">$</span>userIdentifier</span>)</span>: <span class="hljs-title">User</span> =&gt;</span> <span class="hljs-keyword">new</span> <span class="hljs-title invoke__">User</span>(<span class="hljs-variable"><span class="hljs-variable-other-marker">$</span>userIdentifier</span>, <span class="hljs-variable"><span class="hljs-variable-other-marker">$</span>payload</span>-&gt;<span class="hljs-title invoke__">getRoles</span>())
    );

    <span class="hljs-comment">// or</span>
    <span class="hljs-keyword">return</span> <span class="hljs-keyword">new</span> <span class="hljs-title invoke__">UserBadge</span>(
        <span class="hljs-variable"><span class="hljs-variable-other-marker">$</span>payload</span>-&gt;<span class="hljs-title invoke__">getUserId</span>(),
        <span class="hljs-variable"><span class="hljs-variable-other-marker">$</span>this</span>-&gt;<span class="hljs-title invoke__">loadUser</span>(...)
    );
}
        </code></pre>
    </div>
</div>
