<html>
<head><title>book</title></head>
<body>
<div id="book-index">
    <div class="section">
        <h1 id="book-index-book">Book</h1>
        <img src="_images/symfony-logo.png">
        <p>Here is a link to the <a href="#index" class="reference internal">main index</a></p>
        <div class="toctree-wrapper toc-size-md">
            <ul class="toctree toctree-level-1 toctree-length-2">
                <li> <a href="https://symfony.com/doc/4.0/book/first-page.html">First page</a> </li>
                <li> <a href="https://symfony.com/doc/4.0/book/second-page.html">Second page</a> </li>
            </ul>
        </div>
    </div>

</div>
<div id="book-first-page">
    <div class="section">
        <h1 id="book-first-page-first-page">First page</h1>
    </div>
</div>
<div id="book-second-page">
    <div class="section">
        <h1 id="book-second-page-second-page">Second page</h1>
    </div>
</div>
</body>
</html>
